******************************************************************************
                  TI ARM Linker PC v20.2.7                     
******************************************************************************
>> Linked Wed Aug 14 08:41:22 2024

OUTPUT FILE NAME:   <Test.out>
ENTRY POINT SYMBOL: "_c_int00_noargs"  address: 00001099


MEMORY CONFIGURATION

         name            origin    length      used     unused   attr    fill
----------------------  --------  ---------  --------  --------  ----  --------
  FLASH                 00000000   00040000  00001190  0003ee70  R  X
  SRAM                  20000000   00008000  0000022d  00007dd3  RW X


SEGMENT ALLOCATION MAP

run origin  load origin   length   init length attrs members
----------  ----------- ---------- ----------- ----- -------
00000000    00000000    00001190   00001190    r-x
  00000000    00000000    0000026c   0000026c    r-- .intvecs
  0000026c    0000026c    00000eec   00000eec    r-x .text
  00001158    00001158    00000038   00000038    r-- .cinit
20000000    20000000    0000022d   00000000    rw-
  20000000    20000000    00000200   00000000    rw- .stack
  20000200    20000200    00000021   00000000    rw- .data
  20000221    20000221    0000000c   00000000    rw- .bss


SECTION ALLOCATION MAP

 output                                  attributes/
section   page    origin      length       input sections
--------  ----  ----------  ----------   ----------------
.intvecs   0    00000000    0000026c     
                  00000000    0000026c     tm4c123gh6pm_startup_ccs.obj (.intvecs)

.text      0    0000026c    00000eec     
                  0000026c    0000073c     main.obj (.text)
                  000009a8    000001b4     uart0.obj (.text)
                  00000b5c    00000140     uart5.obj (.text)
                  00000c9c    00000136     rtsv7M4_T_le_v4SPD16_eabi.lib : fd_div_t2.asm.obj (.text)
                  00000dd2    000000fc                                   : fd_mul_t2.asm.obj (.text)
                  00000ece    0000009c                                   : memcpy_t2.asm.obj (.text)
                  00000f6a    00000068                                   : copy_decompress_lzss.c.obj (.text:decompress:lzss:__TI_decompress_lzss)
                  00000fd2    00000048                                   : fd_toi_t2.asm.obj (.text)
                  0000101a    00000002     --HOLE-- [fill = 0]
                  0000101c    00000044                                   : autoinit.c.obj (.text:__TI_auto_init_nobinit_nopinit:__TI_auto_init_nobinit_nopinit)
                  00001060    00000038                                   : fs_tod_t2.asm.obj (.text)
                  00001098    00000034                                   : boot_cortex_m.c.obj (.text:_c_int00_noargs:_c_int00_noargs)
                  000010cc    0000002e                                   : i_tofd_t2.asm.obj (.text)
                  000010fa    00000020                                   : u_tofd_t2.asm.obj (.text)
                  0000111a    0000001c                                   : copy_zero_init.c.obj (.text:decompress:ZI:__TI_zero_init_nomemset:__TI_zero_init_nomemset)
                  00001136    0000000e                                   : copy_decompress_none.c.obj (.text:decompress:none:__TI_decompress_none)
                  00001144    0000000c     tm4c123gh6pm_startup_ccs.obj (.text)
                  00001150    00000004     rtsv7M4_T_le_v4SPD16_eabi.lib : pre_init.c.obj (.text:_system_pre_init)
                  00001154    00000004                                   : exit.c.obj (.text:abort:abort)

.cinit     0    00001158    00000038     
                  00001158    00000013     (.cinit..data.load) [load image, compression = lzss]
                  0000116b    00000001     --HOLE-- [fill = 0]
                  0000116c    0000000c     (__TI_handler_table)
                  00001178    00000008     (.cinit..bss.load) [load image, compression = zero_init]
                  00001180    00000010     (__TI_cinit_table)

.init_array 
*          0    00000000    00000000     UNINITIALIZED

.data      0    20000200    00000021     UNINITIALIZED
                  20000200    00000021     main.obj (.data)

.bss       0    20000221    0000000c     UNINITIALIZED
                  20000221    0000000c     (.common:str)

.stack     0    20000000    00000200     UNINITIALIZED
                  20000000    00000004     rtsv7M4_T_le_v4SPD16_eabi.lib : boot_cortex_m.c.obj (.stack)
                  20000004    000001fc     --HOLE--

__llvm_prf_cnts 
*          0    20000000    00000000     UNINITIALIZED

MODULE SUMMARY

       Module                         code   ro data   rw data
       ------                         ----   -------   -------
    .\
       main.obj                       1852   0         45     
       tm4c123gh6pm_startup_ccs.obj   12     620       0      
       uart0.obj                      436    0         0      
       uart5.obj                      320    0         0      
    +--+------------------------------+------+---------+---------+
       Total:                         2620   620       45     
                                                              
    M:\Programs\ti\ccs1250\ccs\tools\compiler\ti-cgt-arm_20.2.7.LTS\lib\rtsv7M4_T_le_v4SPD16_eabi.lib
       fd_div_t2.asm.obj              310    0         0      
       fd_mul_t2.asm.obj              252    0         0      
       memcpy_t2.asm.obj              156    0         0      
       copy_decompress_lzss.c.obj     104    0         0      
       fd_toi_t2.asm.obj              72     0         0      
       autoinit.c.obj                 68     0         0      
       fs_tod_t2.asm.obj              56     0         0      
       boot_cortex_m.c.obj            52     0         0      
       i_tofd_t2.asm.obj              46     0         0      
       u_tofd_t2.asm.obj              32     0         0      
       copy_zero_init.c.obj           28     0         0      
       copy_decompress_none.c.obj     14     0         0      
       exit.c.obj                     4      0         0      
       pre_init.c.obj                 4      0         0      
    +--+------------------------------+------+---------+---------+
       Total:                         1198   0         0      
                                                              
       Stack:                         0      0         512    
       Linker Generated:              0      55        0      
    +--+------------------------------+------+---------+---------+
       Grand Total:                   3818   675       557    


LINKER GENERATED COPY TABLES

__TI_cinit_table @ 00001180 records: 2, size/record: 8, table size: 16
	.data: load addr=00001158, load size=00000013 bytes, run addr=20000200, run size=00000021 bytes, compression=lzss
	.bss: load addr=00001178, load size=00000008 bytes, run addr=20000221, run size=0000000c bytes, compression=zero_init


LINKER GENERATED HANDLER TABLE

__TI_handler_table @ 0000116c records: 3, size/record: 4, table size: 12
	index: 0, handler: __TI_decompress_lzss
	index: 1, handler: __TI_decompress_none
	index: 2, handler: __TI_zero_init


GLOBAL SYMBOLS: SORTED ALPHABETICALLY BY Name 

address   name                          
-------   ----                          
2000020c  Available_Range               
00001155  C$$EXIT                       
0000036f  Leds_Init                     
00001145  ResetISR                      
00000479  SysTick_Init                  
000009ff  UART0_Init                    
00000a5b  UART0_ReceiveByte             
00000af1  UART0_ReceiveData             
00000a91  UART0_ReceiveString           
00000a3f  UART0_SendByte                
00000ac9  UART0_SendData                
00000a6b  UART0_SendString              
00000bb3  UART5_Init                    
00000bf3  UART5_SendByte                
00000c35  UART5_SendData                
00000c0f  UART5_SendString              
20000200  __STACK_END                   
00000200  __STACK_SIZE                  
20000200  __STACK_TOP                   
00001180  __TI_CINIT_Base               
00001190  __TI_CINIT_Limit              
0000116c  __TI_Handler_Table_Base       
00001178  __TI_Handler_Table_Limit      
0000101d  __TI_auto_init_nobinit_nopinit
00000f6b  __TI_decompress_lzss          
00001137  __TI_decompress_none          
ffffffff  __TI_pprof_out_hndl           
ffffffff  __TI_prof_data_size           
ffffffff  __TI_prof_data_start          
00000000  __TI_static_base__            
0000111b  __TI_zero_init_nomemset       
00000fd3  __aeabi_d2iz                  
00000c9d  __aeabi_ddiv                  
00000dd3  __aeabi_dmul                  
00001061  __aeabi_f2d                   
000010cd  __aeabi_i2d                   
00000ecf  __aeabi_memcpy                
00000ecf  __aeabi_memcpy4               
00000ecf  __aeabi_memcpy8               
000010fb  __aeabi_ui2d                  
ffffffff  __binit__                     
ffffffff  __c_args__                    
UNDEFED   __mpu_init                    
20000000  __stack                       
20000000  __start___llvm_prf_cnts       
20000000  __stop___llvm_prf_cnts        
00001099  _c_int00_noargs               
UNDEFED   _system_post_cinit            
00001151  _system_pre_init              
00001155  abort                         
ffffffff  binit                         
2000021d  button_1                      
2000021e  button_2                      
2000021f  button_3                      
20000220  button_4                      
000002bd  buttons_check                 
0000026d  buttons_init                  
2000021a  capacity                      
20000218  current                       
2000021b  disk_count                    
20000202  distance                      
20000208  energy_consumed               
00000000  g_pfnVectors                  
000003ad  int_to_str                    
00000585  main                          
20000214  max_capacity                  
00000ecf  memcpy                        
20000200  previous_state                
00000497  proxomity_Init                
20000204  remaing_capacity              
2000021c  speed                         
20000221  str                           
20000210  total_distance                
20000219  voltage                       
20000216  watt                          


GLOBAL SYMBOLS: SORTED BY Symbol Address 

address   name                          
-------   ----                          
00000000  __TI_static_base__            
00000000  g_pfnVectors                  
00000200  __STACK_SIZE                  
0000026d  buttons_init                  
000002bd  buttons_check                 
0000036f  Leds_Init                     
000003ad  int_to_str                    
00000479  SysTick_Init                  
00000497  proxomity_Init                
00000585  main                          
000009ff  UART0_Init                    
00000a3f  UART0_SendByte                
00000a5b  UART0_ReceiveByte             
00000a6b  UART0_SendString              
00000a91  UART0_ReceiveString           
00000ac9  UART0_SendData                
00000af1  UART0_ReceiveData             
00000bb3  UART5_Init                    
00000bf3  UART5_SendByte                
00000c0f  UART5_SendString              
00000c35  UART5_SendData                
00000c9d  __aeabi_ddiv                  
00000dd3  __aeabi_dmul                  
00000ecf  __aeabi_memcpy                
00000ecf  __aeabi_memcpy4               
00000ecf  __aeabi_memcpy8               
00000ecf  memcpy                        
00000f6b  __TI_decompress_lzss          
00000fd3  __aeabi_d2iz                  
0000101d  __TI_auto_init_nobinit_nopinit
00001061  __aeabi_f2d                   
00001099  _c_int00_noargs               
000010cd  __aeabi_i2d                   
000010fb  __aeabi_ui2d                  
0000111b  __TI_zero_init_nomemset       
00001137  __TI_decompress_none          
00001145  ResetISR                      
00001151  _system_pre_init              
00001155  C$$EXIT                       
00001155  abort                         
0000116c  __TI_Handler_Table_Base       
00001178  __TI_Handler_Table_Limit      
00001180  __TI_CINIT_Base               
00001190  __TI_CINIT_Limit              
20000000  __stack                       
20000000  __start___llvm_prf_cnts       
20000000  __stop___llvm_prf_cnts        
20000200  __STACK_END                   
20000200  __STACK_TOP                   
20000200  previous_state                
20000202  distance                      
20000204  remaing_capacity              
20000208  energy_consumed               
2000020c  Available_Range               
20000210  total_distance                
20000214  max_capacity                  
20000216  watt                          
20000218  current                       
20000219  voltage                       
2000021a  capacity                      
2000021b  disk_count                    
2000021c  speed                         
2000021d  button_1                      
2000021e  button_2                      
2000021f  button_3                      
20000220  button_4                      
20000221  str                           
ffffffff  __TI_pprof_out_hndl           
ffffffff  __TI_prof_data_size           
ffffffff  __TI_prof_data_start          
ffffffff  __binit__                     
ffffffff  __c_args__                    
ffffffff  binit                         
UNDEFED   __mpu_init                    
UNDEFED   _system_post_cinit            

[75 symbols]
